MPLINK 5.09, LINKER
Linker Map File - Created Thu Jan 31 13:40:44 2019

                                 Section Info
                  Section       Type    Address   Location Size(Bytes)
                ---------  ---------  ---------  ---------  ---------
                   .org_0       code   0x000000    program   0x000032
                   .cinit    romdata   0x000032    program   0x000002
.config_300001_BUILD/DEFAULT/PRODUCTION/PRUEBA0    romdata   0x300001    program   0x000001
.config_300003_BUILD/DEFAULT/PRODUCTION/PRUEBA0    romdata   0x300003    program   0x000001
.config_300005_BUILD/DEFAULT/PRODUCTION/PRUEBA0    romdata   0x300005    program   0x000001
.config_300006_BUILD/DEFAULT/PRODUCTION/PRUEBA0    romdata   0x300006    program   0x000001



                              Program Memory Usage 
                               Start         End      
                           ---------   ---------      
                            0x000000    0x000033      
                            0x300001    0x300001      
                            0x300003    0x300003      
                            0x300005    0x300006      
            56 out of 33048 program addresses used, program memory utilization is 0%



                              Symbols - Sorted by Name
                     Name    Address   Location    Storage File                     
                ---------  ---------  ---------  --------- ---------                
                 MainLoop   0x00000c    program     static C:\Users\migu_\MPLABXProjects\Prueba01.X\Prueba01.asm
                  Retardo   0x000028    program     static C:\Users\migu_\MPLABXProjects\Prueba01.X\Prueba01.asm
                    loop2   0x000018    program     static C:\Users\migu_\MPLABXProjects\Prueba01.X\Prueba01.asm



                              Symbols - Sorted by Address
                     Name    Address   Location    Storage File                     
                ---------  ---------  ---------  --------- ---------                
                 MainLoop   0x00000c    program     static C:\Users\migu_\MPLABXProjects\Prueba01.X\Prueba01.asm
                    loop2   0x000018    program     static C:\Users\migu_\MPLABXProjects\Prueba01.X\Prueba01.asm
                  Retardo   0x000028    program     static C:\Users\migu_\MPLABXProjects\Prueba01.X\Prueba01.asm


